=== 连接组规律消融 (MNIST, 20000 样本, 6 epochs, density 0.05, 3 种子) ===
    epoch 1: loss=0.7494
    epoch 2: loss=0.3049
    epoch 3: loss=0.2512
    epoch 4: loss=0.2142
    epoch 5: loss=0.1864
    epoch 6: loss=0.1630
    epoch 1: loss=0.7436
    epoch 2: loss=0.3050
    epoch 3: loss=0.2533
    epoch 4: loss=0.2179
    epoch 5: loss=0.1894
    epoch 6: loss=0.1660
    epoch 1: loss=0.7792
    epoch 2: loss=0.3124
    epoch 3: loss=0.2586
    epoch 4: loss=0.2232
    epoch 5: loss=0.1957
    epoch 6: loss=0.1729
    epoch 1: loss=0.7641
    epoch 2: loss=0.3069
    epoch 3: loss=0.2526
    epoch 4: loss=0.2157
    epoch 5: loss=0.1863
    epoch 6: loss=0.1636
    epoch 1: loss=0.7579
    epoch 2: loss=0.3048
    epoch 3: loss=0.2511
    epoch 4: loss=0.2150
    epoch 5: loss=0.1863
    epoch 6: loss=0.1640
    epoch 1: loss=0.7706
    epoch 2: loss=0.3120
    epoch 3: loss=0.2599
    epoch 4: loss=0.2242
    epoch 5: loss=0.1958
    epoch 6: loss=0.1724
    epoch 1: loss=0.7568
    epoch 2: loss=0.3123
    epoch 3: loss=0.2599
    epoch 4: loss=0.2241
    epoch 5: loss=0.1950
    epoch 6: loss=0.1715
    epoch 1: loss=0.7519
    epoch 2: loss=0.3066
    epoch 3: loss=0.2542
    epoch 4: loss=0.2184
    epoch 5: loss=0.1904
    epoch 6: loss=0.1672
    epoch 1: loss=0.7585
    epoch 2: loss=0.3098
    epoch 3: loss=0.2570
    epoch 4: loss=0.2214
    epoch 5: loss=0.1921
    epoch 6: loss=0.1684
    epoch 1: loss=0.7478
    epoch 2: loss=0.3061
    epoch 3: loss=0.2544
    epoch 4: loss=0.2188
    epoch 5: loss=0.1901
    epoch 6: loss=0.1674
  A 长尾+E/I (主结果): 0.9538 ± 0.0014  (fr=0.0704)
    epoch 1: loss=0.7562
    epoch 2: loss=0.3108
    epoch 3: loss=0.2568
    epoch 4: loss=0.2192
    epoch 5: loss=0.1892
    epoch 6: loss=0.1651
    epoch 1: loss=0.7530
    epoch 2: loss=0.3060
    epoch 3: loss=0.2526
    epoch 4: loss=0.2159
    epoch 5: loss=0.1870
    epoch 6: loss=0.1649
    epoch 1: loss=0.7544
    epoch 2: loss=0.3061
    epoch 3: loss=0.2498
    epoch 4: loss=0.2108
    epoch 5: loss=0.1821
    epoch 6: loss=0.1588
    epoch 1: loss=0.7454
    epoch 2: loss=0.3049
    epoch 3: loss=0.2501
    epoch 4: loss=0.2119
    epoch 5: loss=0.1826
    epoch 6: loss=0.1595
    epoch 1: loss=0.7514
    epoch 2: loss=0.3076
    epoch 3: loss=0.2533
    epoch 4: loss=0.2160
    epoch 5: loss=0.1867
    epoch 6: loss=0.1640
    epoch 1: loss=0.7479
    epoch 2: loss=0.3052
    epoch 3: loss=0.2514
    epoch 4: loss=0.2143
    epoch 5: loss=0.1862
    epoch 6: loss=0.1636
    epoch 1: loss=0.7517
    epoch 2: loss=0.3046
    epoch 3: loss=0.2491
    epoch 4: loss=0.2120
    epoch 5: loss=0.1831
    epoch 6: loss=0.1606
    epoch 1: loss=0.7576
    epoch 2: loss=0.3053
    epoch 3: loss=0.2526
    epoch 4: loss=0.2152
    epoch 5: loss=0.1857
    epoch 6: loss=0.1617
    epoch 1: loss=0.7528
    epoch 2: loss=0.3066
    epoch 3: loss=0.2524
    epoch 4: loss=0.2163
    epoch 5: loss=0.1867
    epoch 6: loss=0.1637
    epoch 1: loss=0.7522
    epoch 2: loss=0.3070
    epoch 3: loss=0.2538
    epoch 4: loss=0.2166
    epoch 5: loss=0.1870
    epoch 6: loss=0.1634
  B 均匀+E/I: 0.9553 ± 0.0010  (fr=0.0710)
    epoch 1: loss=0.7040
    epoch 2: loss=0.3352
    epoch 3: loss=0.2874
    epoch 4: loss=0.2528
    epoch 5: loss=0.2248
    epoch 6: loss=0.1991
    epoch 1: loss=0.7105
    epoch 2: loss=0.3324
    epoch 3: loss=0.2839
    epoch 4: loss=0.2502
    epoch 5: loss=0.2205
    epoch 6: loss=0.1952
    epoch 1: loss=0.7207
    epoch 2: loss=0.3406
    epoch 3: loss=0.2929
    epoch 4: loss=0.2603
    epoch 5: loss=0.2326
    epoch 6: loss=0.2072
    epoch 1: loss=0.7156
    epoch 2: loss=0.3392
    epoch 3: loss=0.2920
    epoch 4: loss=0.2597
    epoch 5: loss=0.2315
    epoch 6: loss=0.2074
    epoch 1: loss=0.7059
    epoch 2: loss=0.3359
    epoch 3: loss=0.2892
    epoch 4: loss=0.2574
    epoch 5: loss=0.2273
    epoch 6: loss=0.2017
    epoch 1: loss=0.7175
    epoch 2: loss=0.3376
    epoch 3: loss=0.2908
    epoch 4: loss=0.2590
    epoch 5: loss=0.2294
    epoch 6: loss=0.2035
    epoch 1: loss=0.7159
    epoch 2: loss=0.3343
    epoch 3: loss=0.2885
    epoch 4: loss=0.2572
    epoch 5: loss=0.2281
    epoch 6: loss=0.2019
    epoch 1: loss=0.7034
    epoch 2: loss=0.3365
    epoch 3: loss=0.2908
    epoch 4: loss=0.2586
    epoch 5: loss=0.2303
    epoch 6: loss=0.2050
    epoch 1: loss=0.7053
    epoch 2: loss=0.3371
    epoch 3: loss=0.2919
    epoch 4: loss=0.2590
    epoch 5: loss=0.2296
    epoch 6: loss=0.2039
    epoch 1: loss=0.7051
    epoch 2: loss=0.3369
    epoch 3: loss=0.2882
    epoch 4: loss=0.2553
    epoch 5: loss=0.2248
    epoch 6: loss=0.1985
  C 长尾+全兴奋: 0.9455 ± 0.0014  (fr=0.1098)
    epoch 1: loss=0.6971
    epoch 2: loss=0.3408
    epoch 3: loss=0.2924
    epoch 4: loss=0.2572
    epoch 5: loss=0.2259
    epoch 6: loss=0.1993
    epoch 1: loss=0.6949
    epoch 2: loss=0.3412
    epoch 3: loss=0.2942
    epoch 4: loss=0.2611
    epoch 5: loss=0.2326
    epoch 6: loss=0.2060
    epoch 1: loss=0.6962
    epoch 2: loss=0.3410
    epoch 3: loss=0.2932
    epoch 4: loss=0.2588
    epoch 5: loss=0.2282
    epoch 6: loss=0.2021
    epoch 1: loss=0.6976
    epoch 2: loss=0.3426
    epoch 3: loss=0.2957
    epoch 4: loss=0.2622
    epoch 5: loss=0.2317
    epoch 6: loss=0.2046
    epoch 1: loss=0.7046
    epoch 2: loss=0.3430
    epoch 3: loss=0.2953
    epoch 4: loss=0.2607
    epoch 5: loss=0.2294
    epoch 6: loss=0.2024
    epoch 1: loss=0.7033
    epoch 2: loss=0.3416
    epoch 3: loss=0.2931
    epoch 4: loss=0.2596
    epoch 5: loss=0.2291
    epoch 6: loss=0.2027
    epoch 1: loss=0.7034
    epoch 2: loss=0.3420
    epoch 3: loss=0.2958
    epoch 4: loss=0.2628
    epoch 5: loss=0.2341
    epoch 6: loss=0.2073
    epoch 1: loss=0.7065
    epoch 2: loss=0.3420
    epoch 3: loss=0.2935
    epoch 4: loss=0.2581
    epoch 5: loss=0.2275
    epoch 6: loss=0.2011
    epoch 1: loss=0.6971
    epoch 2: loss=0.3411
    epoch 3: loss=0.2910
    epoch 4: loss=0.2566
    epoch 5: loss=0.2262
    epoch 6: loss=0.1986
    epoch 1: loss=0.6821
    epoch 2: loss=0.3421
    epoch 3: loss=0.2964
    epoch 4: loss=0.2632
    epoch 5: loss=0.2342
    epoch 6: loss=0.2073
  D 均匀+全兴奋: 0.9457 ± 0.0015  (fr=0.1132)

=== 归因分解 ===
  长尾贡献 (A-B, E/I 固定): -0.0016
  长尾贡献 (C-D, 全兴奋):   -0.0002
  E/I 贡献  (A-C, 长尾固定): +0.0083
  E/I 贡献  (B-D, 均匀固定): +0.0096
