device=cuda 数据: train=50000
=== 1. 训练稠密 CNN ===
    epoch 1/15: loss=1.5479
    epoch 2/15: loss=1.1186
    epoch 3/15: loss=0.9300
    epoch 4/15: loss=0.8059
    epoch 5/15: loss=0.7071
    epoch 6/15: loss=0.6401
    epoch 7/15: loss=0.5729
    epoch 8/15: loss=0.5183
    epoch 9/15: loss=0.4602
    epoch 10/15: loss=0.4040
    epoch 11/15: loss=0.3466
    epoch 12/15: loss=0.3039
    epoch 13/15: loss=0.2602
    epoch 14/15: loss=0.2238
    epoch 15/15: loss=0.1844
稠密 CNN: 0.7521
最大激活: max1=1.37 max2=6.55 max3=13.25
=== 2. 转换脉冲卷积 (firing rate 编码) ===
T=  5: 脉冲卷积 0.1379  (稠密 CNN 0.7521)
T= 10: 脉冲卷积 0.3869  (稠密 CNN 0.7521)
T= 20: 脉冲卷积 0.6095  (稠密 CNN 0.7521)
T= 50: 脉冲卷积 0.6901  (稠密 CNN 0.7521)

证伪判据: 转换后 ≥ 72%? (差距 <3 点)
