=== 1. 训练稠密 CNN (AvgPool) ===
    epoch 1/15: loss=1.6387
    epoch 2/15: loss=1.3223
    epoch 3/15: loss=1.1670
    epoch 4/15: loss=1.0554
    epoch 5/15: loss=0.9602
    epoch 6/15: loss=0.8833
    epoch 7/15: loss=0.8234
    epoch 8/15: loss=0.7743
    epoch 9/15: loss=0.7261
    epoch 10/15: loss=0.6794
    epoch 11/15: loss=0.6502
    epoch 12/15: loss=0.6113
    epoch 13/15: loss=0.5796
    epoch 14/15: loss=0.5481
    epoch 15/15: loss=0.5236
稠密 CNN: 0.7500
99.9分位数: s1=0.83 s2=2.04 s3=3.64
=== 2. 转换脉冲卷积 (分位数归一化 + AvgPool) ===
T= 10: 0.6730  (稠密 CNN 0.7500)
T= 20: 0.7275  (稠密 CNN 0.7500)
T= 50: 0.7473  (稠密 CNN 0.7500)
T=100: 0.7521  (稠密 CNN 0.7500)

证伪判据: ≥72%?
