=== 大规模稀疏 SNN 训练 ===
device=cuda  dataset=fashion  hidden=2000  layers=3  density=0.05  epochs=30
数据: train=60000  test=10000  in_dim=784
模型: 稀疏度=0.950 (95.0% 稀疏)
    epoch 1/30: loss=0.6531
    epoch 2/30: loss=0.4216
    epoch 3/30: loss=0.3766
    epoch 4/30: loss=0.3456
    epoch 5/30: loss=0.3254
    epoch 6/30: loss=0.3041
    epoch 7/30: loss=0.2883
    epoch 8/30: loss=0.2776
    epoch 9/30: loss=0.2695
    epoch 10/30: loss=0.2575
    epoch 11/30: loss=0.2498
    epoch 12/30: loss=0.2404
    epoch 13/30: loss=0.2384
    epoch 14/30: loss=0.2315
    epoch 15/30: loss=0.2295
    epoch 16/30: loss=0.2271
    epoch 17/30: loss=0.2177
    epoch 18/30: loss=0.2149
    epoch 19/30: loss=0.2130
    epoch 20/30: loss=0.2116
    epoch 21/30: loss=0.2115
    epoch 22/30: loss=0.2145
    epoch 23/30: loss=0.2144
    epoch 24/30: loss=0.2095
    epoch 25/30: loss=0.2224
    epoch 26/30: loss=0.2199
    epoch 27/30: loss=0.2211
    epoch 28/30: loss=0.2131
    epoch 29/30: loss=0.2119
    epoch 30/30: loss=0.2113

稀疏 SNN: 准确率=0.8769  能耗省 105x  用时=417s
    epoch 1/30: loss=0.5068
    epoch 2/30: loss=0.3653
    epoch 3/30: loss=0.3226
    epoch 4/30: loss=0.2981
    epoch 5/30: loss=0.2810
    epoch 6/30: loss=0.2651
    epoch 7/30: loss=0.2476
    epoch 8/30: loss=0.2377
    epoch 9/30: loss=0.2262
    epoch 10/30: loss=0.2186
    epoch 11/30: loss=0.2045
    epoch 12/30: loss=0.1982
    epoch 13/30: loss=0.1877
    epoch 14/30: loss=0.1806
    epoch 15/30: loss=0.1756
    epoch 16/30: loss=0.1675
    epoch 17/30: loss=0.1584
    epoch 18/30: loss=0.1516
    epoch 19/30: loss=0.1445
    epoch 20/30: loss=0.1388
    epoch 21/30: loss=0.1366
    epoch 22/30: loss=0.1303
    epoch 23/30: loss=0.1258
    epoch 24/30: loss=0.1222
    epoch 25/30: loss=0.1179
    epoch 26/30: loss=0.1097
    epoch 27/30: loss=0.1079
    epoch 28/30: loss=0.1066
    epoch 29/30: loss=0.0978
    epoch 30/30: loss=0.0994
稠密 MLP: 准确率=0.8884  用时=73s

差距: 0.0115 点 | 能耗省 105x
